[inframatics.site123.me/index.html]
[cdn-cms-s.f-static.com/files/logo/faviconV1.png]
[backblue.gif]
[fade.gif]
[index.html]
[cdn-cms.f-static.com/uploads/1101767/800_595a9d631b574.jpg]
[cdn-cms-s.f-static.com/versions/2/css/minimize8e02.css]
[cdn-cms-s.f-static.com/versions/2/css/websiteCSSe6d4.css]
[cdn-cms.f-static.com/uploads/1101767/2000_595a9d631b574.jpg]
[cdn-cms.f-static.com/admin/websitesCategories/48/400_595a9e397eeea.jpg]
[cdn-cms.f-static.com/uploads/2031/400_5a15ab3119d59.jpg]
[inframatics.site123.me/services/advisory.html]
[cdn-cms.f-static.com/uploads/2031/400_5a281d5cab608.jpg]
[inframatics.site123.me/services/managed-services.html]
[cdn-cms.f-static.com/uploads/2031/400_5a15abaa0b515.jpg]
[inframatics.site123.me/services/security.html]
[cdn-cms-s.f-static.com/files/logo/MainLogo/SITE123_white_s213860.png]
[inframatics.site123.me/site123.d.delayed]
[cdn-cms-s.f-static.com/files/js/gmaps.mineec1.js]
[inframatics.site123.me/index.html]
[cdn-cms-s.f-static.com/versions/2/css/owl.video.play.html]
[cdn-cms-s.f-static.com/files/colorbox/images/overlay.png]
[cdn-cms-s.f-static.com/files/colorbox/images/controls.png]
[cdn-cms-s.f-static.com/files/colorbox/images/border.png]
[cdn-cms-s.f-static.com/files/colorbox/images/loading_background.html]
[cdn-cms-s.f-static.com/files/colorbox/images/loading.html]
[cdn-cms-s.f-static.com/files/gritter/images/ie-spacer.gif]
[cdn-cms-s.f-static.com/files/gritter/images/gritter.png]
[cdn-cms-s.f-static.com/files/gritter/images/gritter-light.png]
[cdn-cms-s.f-static.com/versions/2/css/minimize8e02.css]
[cdn-cms-s.f-static.com/versions/2/css/websiteCSSe6d4.css]
[cdn-cms.f-static.com/uploads/2031/800_5a15ab3119d59.jpg]
[cdn-cms-s.f-static.com/files/frameworks/intl-tel-input-8.5.2/build/img/flags.png]
[inframatics.site123.me/about.html]
[inframatics.site123.me/services.html]
[cdn-cms-s.f-static.com/versions/2/js/minimize8e02.js]
[inframatics.site123.me/contact.html]
[inframatics.site123.me/services/site123.1f.delayed]
[inframatics.site123.me/services/advisory.html]
[cdn-cms.f-static.com/uploads/2031/800_5a281d5cab608.jpg]
[inframatics.site123.me/services/managed-services.html]
[cdn-cms.f-static.com/uploads/2031/800_5a15abaa0b515.jpg]
[inframatics.site123.me/services/security.html]
[inframatics.site123.me/site123.html]
[cdn-cms-s.f-static.com/versions/2/css/owl.video.play.html]
[cdn-cms-s.f-static.com/files/colorbox/images/loading_background.html]
[cdn-cms-s.f-static.com/files/colorbox/images/loading.html]
[cdn-cms-s.f-static.com/files/frameworks/intl-tel-input-8.5.2/build/img/flags@2x.png]
[inframatics.site123.me/about.html]
[inframatics.site123.me/services.html]
[inframatics.site123.me/contact.html]
[inframatics.site123.me/services/site123.html]
